Archive member included to satisfy reference by file (symbol)

C:/Program Files/Segger/SEGGER Embedded Studio 3.24/lib/libc_v6m_t_le_eabi_swc.a(libc_asm.o)
                              Output/USB-CAN Release/Obj/usbd_core.o (__aeabi_uidivmod)
C:/Program Files/Segger/SEGGER Embedded Studio 3.24/lib/libc_v6m_t_le_eabi_swc.a(libc2.o)
                              Output/USB-CAN Release/Obj/main.o (isdigit)
C:/Program Files/Segger/SEGGER Embedded Studio 3.24/lib/libc_v6m_t_le_eabi_swc.a(libc2_asm.o)
                              C:/Program Files/Segger/SEGGER Embedded Studio 3.24/lib/libc_v6m_t_le_eabi_swc.a(libc2.o) (memcpy)
C:/Program Files/Segger/SEGGER Embedded Studio 3.24/lib/libm_v6m_t_le_eabi_swc.a(libm_asm.o)
                              C:/Program Files/Segger/SEGGER Embedded Studio 3.24/lib/libc_v6m_t_le_eabi_swc.a(libc2.o) (__aeabi_i2f)
C:/Program Files/Segger/SEGGER Embedded Studio 3.24/lib/libm_v6m_t_le_eabi_swc.a(libm2.o)
                              C:/Program Files/Segger/SEGGER Embedded Studio 3.24/lib/libvfprintf_v6m_t_le_eabi_swc.o (frexp)
C:/Program Files/Segger/SEGGER Embedded Studio 3.24/lib/libm_v6m_t_le_eabi_swc.a(libm2_asm.o)
                              C:/Program Files/Segger/SEGGER Embedded Studio 3.24/lib/libm_v6m_t_le_eabi_swc.a(libm2.o) (fabs)

Discarded input sections

 .text          0x00000000        0x0 Output/USB-CAN Release/Obj/system_stm32f0xx.o
 .data          0x00000000        0x0 Output/USB-CAN Release/Obj/system_stm32f0xx.o
 .bss           0x00000000        0x0 Output/USB-CAN Release/Obj/system_stm32f0xx.o
 .init.SystemCoreClockUpdate
                0x00000000       0x90 Output/USB-CAN Release/Obj/system_stm32f0xx.o
 .data.AHBPrescTable
                0x00000000       0x10 Output/USB-CAN Release/Obj/system_stm32f0xx.o
 .data.SystemCoreClock
                0x00000000        0x4 Output/USB-CAN Release/Obj/system_stm32f0xx.o
 .text          0x00000000        0x0 Output/USB-CAN Release/Obj/main.o
 .data          0x00000000        0x0 Output/USB-CAN Release/Obj/main.o
 .bss           0x00000000        0x0 Output/USB-CAN Release/Obj/main.o
 .text          0x00000000        0x0 Output/USB-CAN Release/Obj/can.o
 .data          0x00000000        0x0 Output/USB-CAN Release/Obj/can.o
 .bss           0x00000000        0x0 Output/USB-CAN Release/Obj/can.o
 .text          0x00000000        0x0 Output/USB-CAN Release/Obj/usb_dcd_int.o
 .data          0x00000000        0x0 Output/USB-CAN Release/Obj/usb_dcd_int.o
 .bss           0x00000000        0x0 Output/USB-CAN Release/Obj/usb_dcd_int.o
 .text          0x00000000        0x0 Output/USB-CAN Release/Obj/usb_core.o
 .data          0x00000000        0x0 Output/USB-CAN Release/Obj/usb_core.o
 .bss           0x00000000        0x0 Output/USB-CAN Release/Obj/usb_core.o
 .text.GetCNTR  0x00000000        0xc Output/USB-CAN Release/Obj/usb_core.o
 .text.GetISTR  0x00000000        0xc Output/USB-CAN Release/Obj/usb_core.o
 .text.GetFNR   0x00000000        0xc Output/USB-CAN Release/Obj/usb_core.o
 .text.SetDADDR
                0x00000000        0xc Output/USB-CAN Release/Obj/usb_core.o
 .text.SetLPMCSR
                0x00000000        0xc Output/USB-CAN Release/Obj/usb_core.o
 .text.GetLPMCSR
                0x00000000        0xc Output/USB-CAN Release/Obj/usb_core.o
 .text.GetDADDR
                0x00000000        0xc Output/USB-CAN Release/Obj/usb_core.o
 .text.GetBTABLE
                0x00000000        0xc Output/USB-CAN Release/Obj/usb_core.o
 .text.SetENDPOINT
                0x00000000       0x10 Output/USB-CAN Release/Obj/usb_core.o
 .text.GetEPType
                0x00000000       0x18 Output/USB-CAN Release/Obj/usb_core.o
 .text.SetDouBleBuffEPStall
                0x00000000       0x30 Output/USB-CAN Release/Obj/usb_core.o
 .text.GetEPTxStatus
                0x00000000       0x14 Output/USB-CAN Release/Obj/usb_core.o
 .text.GetEPRxStatus
                0x00000000       0x18 Output/USB-CAN Release/Obj/usb_core.o
 .text.SetEPTxValid
                0x00000000       0x28 Output/USB-CAN Release/Obj/usb_core.o
 .text.SetEPRxValid
                0x00000000       0x28 Output/USB-CAN Release/Obj/usb_core.o
 .text.SetEP_KIND
                0x00000000       0x28 Output/USB-CAN Release/Obj/usb_core.o
 .text.ClearEP_KIND
                0x00000000       0x24 Output/USB-CAN Release/Obj/usb_core.o
 .text.Clear_Status_Out
                0x00000000       0x24 Output/USB-CAN Release/Obj/usb_core.o
 .text.Set_Status_Out
                0x00000000       0x28 Output/USB-CAN Release/Obj/usb_core.o
 .text.ClearEPDoubleBuff
                0x00000000       0x24 Output/USB-CAN Release/Obj/usb_core.o
 .text.GetTxStallStatus
                0x00000000       0x1c Output/USB-CAN Release/Obj/usb_core.o
 .text.GetRxStallStatus
                0x00000000       0x28 Output/USB-CAN Release/Obj/usb_core.o
 .text.ClearEP_CTR_RX
                0x00000000       0x1c Output/USB-CAN Release/Obj/usb_core.o
 .text.ClearEP_CTR_TX
[...]
Memory Configuration

Name             Origin             Length             Attributes
UNPLACED_SECTIONS 0xffffffff         0x00000000         xw
RAM              0x20000000         0x00004000         xw
FLASH            0x08000000         0x00010000         xr
*default*        0x00000000         0xffffffff

Linker script and memory map

                0x00000000                __vfprintf = __vfprintf_int_nwp
                0x00000000                __vfscanf = __vfscanf_int
                0x20000000                __RAM_segment_start__ = 0x20000000
                0x20004000                __RAM_segment_end__ = 0x20004000
                0x00004000                __RAM_segment_size__ = 0x4000
                0x08000000                __FLASH_segment_start__ = 0x8000000
                0x08010000                __FLASH_segment_end__ = 0x8010000
                0x00010000                __FLASH_segment_size__ = 0x10000
                0x00000000                __HEAPSIZE__ = 0x0
                0x00000000                __STACKSIZE_ABT__ = 0x0
                0x00000000                __STACKSIZE_FIQ__ = 0x0
                0x00000000                __STACKSIZE_IRQ__ = 0x0
                0x00000000                __STACKSIZE_PROCESS__ = 0x0
                0x00000000                __STACKSIZE_SVC__ = 0x0
                0x00000000                __STACKSIZE_UND__ = 0x0
                0x00000200                __STACKSIZE__ = 0x200
                0x20000000                __vectors_ram_load_start__ = ALIGN (__RAM_segment_start__, 0x100)

.vectors_ram    0x20000000        0x0
                0x20000000                __vectors_ram_start__ = .
 *(.vectors_ram .vectors_ram.*)
                0x20000000                __vectors_ram_end__ = (__vectors_ram_start__ + SIZEOF (.vectors_ram))
                0x00000000                __vectors_ram_size__ = SIZEOF (.vectors_ram)
                0x20000000                __vectors_ram_load_end__ = __vectors_ram_end__
                0x00000001                . = ASSERT (((__vectors_ram_start__ == __vectors_ram_end__) || ((__vectors_ram_end__ >= __RAM_segment_start__) && (__vectors_ram_end__ <= __RAM_segment_end__))), error: .vectors_ram is too large to fit in RAM memory segment)
                0x08000000                __vectors_load_start__ = ALIGN (__FLASH_segment_start__, 0x100)

.vectors        0x08000000       0xc0
                0x08000000                __vectors_start__ = .
 *(.vectors .vectors.*)
 .vectors       0x08000000       0xc0 Output/USB-CAN Release/Obj/STM32F072x_Vectors.o
                0x08000000                _vectors
                0x080000c0                __vectors_end__ = (__vectors_start__ + SIZEOF (.vectors))
                0x000000c0                __vectors_size__ = SIZEOF (.vectors)
                0x080000c0                __vectors_load_end__ = __vectors_end__
                0x00000001                . = ASSERT (((__vectors_start__ == __vectors_end__) || ((__vectors_end__ >= __FLASH_segment_start__) && (__vectors_end__ <= __FLASH_segment_end__))), error: .vectors is too large to fit in FLASH memory segment)
                0x080000c0                __init_load_start__ = ALIGN (__vectors_end__, 0x4)

.init           0x080000c0      0x2ec
                0x080000c0                __init_start__ = .
 *(.init .init.*)
 .init.SystemInit
                0x080000c0      0x124 Output/USB-CAN Release/Obj/system_stm32f0xx.o
                0x080000c0                SystemInit
 .init          0x080001e4      0x158 Output/USB-CAN Release/Obj/thumb_crt0.o
                0x080001e4                _start
                0x08000296                exit
 .init          0x0800033c       0x24 Output/USB-CAN Release/Obj/STM32F0xx_Startup.o
                0x0800033c                Reset_Handler
 .init          0x08000360       0x4c Output/USB-CAN Release/Obj/STM32F072x_Vectors.o
                0x08000360                NMI_Handler
                0x08000362                HardFault_Handler
                0x08000364                SVC_Handler
                0x08000366                PendSV_Handler
                0x08000368                SysTick_Handler
                0x0800036c                WWDG_IRQHandler
                0x0800036e                PVD_IRQHandler
                0x08000370                RTC_IRQHandler
                0x08000372                FLASH_IRQHandler
                0x08000374                RCC_CRS_IRQHandler
                0x08000376                EXTI0_1_IRQHandler
                0x08000378                EXTI2_3_IRQHandler
                0x0800037a                EXTI4_15_IRQHandler
                0x0800037c                TSC_IRQHandler
                0x0800037e                DMA_CH1_IRQHandler
                0x08000380                DMA_CH2_3_IRQHandler
                0x08000382                DMA_CH4_5_6_7_IRQHandler
                0x08000384                ADC_COMP_IRQHandler
                0x08000386                TIM1_BRK_UP_TRG_COM_IRQHandler
                0x08000388                TIM1_CC_IRQHandler
                0x0800038a                TIM2_IRQHandler
                0x0800038c                TIM3_IRQHandler
                0x0800038e                TIM6_DAC_IRQHandler
                0x08000390                TIM7_IRQHandler
                0x08000392                TIM14_IRQHandler
                0x08000396                TIM16_IRQHandler
                0x08000398                TIM17_IRQHandler
                0x0800039a                I2C1_IRQHandler
                0x0800039c                I2C2_IRQHandler
                0x0800039e                SPI1_IRQHandler
                0x080003a0                SPI2_IRQHandler
                0x080003a2                USART1_IRQHandler
                0x080003a4                USART2_IRQHandler
                0x080003a6                USART3_4_IRQHandler
                0x080003ac                __init_end__ = (__init_start__ + SIZEOF (.init))
                0x000002ec                __init_size__ = SIZEOF (.init)
                0x080003ac                __init_load_end__ = __init_end__
                0x00000001                . = ASSERT (((__init_start__ == __init_end__) || ((__init_end__ >= __FLASH_segment_start__) && (__init_end__ <= __FLASH_segment_end__))), error: .init is too large to fit in FLASH memory segment)
                0x080003ac                __init_rodata_load_start__ = ALIGN (__init_end__, 0x4)

.init_rodata    0x080003ac        0x0
                0x080003ac                __init_rodata_start__ = .
 *(.init_rodata .init_rodata.*)
                0x080003ac                __init_rodata_end__ = (__init_rodata_start__ + SIZEOF (.init_rodata))
                0x00000000                __init_rodata_size__ = SIZEOF (.init_rodata)
                0x080003ac                __init_rodata_load_end__ = __init_rodata_end__
                0x00000001                . = ASSERT (((__init_rodata_start__ == __init_rodata_end__) || ((__init_rodata_end__ >= __FLASH_segment_start__) && (__init_rodata_end__ <= __FLASH_segment_end__))), error: .init_rodata is too large to fit in FLASH memory segment)
                0x080003ac                __text_load_start__ = ALIGN (__init_rodata_end__, 0x4)

.text           0x080003ac     0x2c00
                0x080003ac                __text_start__ = .
 *(.text .text.* .glue_7t .glue_7 .gnu.linkonce.t.* .gcc_except_table .ARM.extab* .gnu.linkonce.armextab.*)
 .glue_7        0x080003ac        0x0 linker stubs
 .glue_7t       0x080003ac        0x0 linker stubs
 .text._Z13ReceiveCANMsgRN6CANbus5RxMsgE
                0x080003ac      0x318 Output/USB-CAN Release/Obj/main.o
                0x080003ac                ReceiveCANMsg(CANbus::RxMsg&)
 .text.VCP_callback
                0x080006c4       0x3c Output/USB-CAN Release/Obj/main.o
                0x080006c4                VCP_callback
 .text._Z10SendCANMsgh
                0x08000700      0x170 Output/USB-CAN Release/Obj/main.o
                0x08000700                SendCANMsg(unsigned char)
 .text.main     0x08000870      0x3a0 Output/USB-CAN Release/Obj/main.o
                0x08000870                main
 .text._GLOBAL__sub_I_USB_Device_dev
                0x08000c10       0x24 Output/USB-CAN Release/Obj/main.o
 .text._ZN6CANbus4initEv
                0x08000c34       0x90 Output/USB-CAN Release/Obj/can.o
                0x08000c34                CANbus::init()
 .text._ZN6CANbus10filtermaskEj
                0x08000cc4       0x28 Output/USB-CAN Release/Obj/can.o
                0x08000cc4                CANbus::filtermask(unsigned int)
 .text._ZN6CANbus10filtercodeEj
                0x08000cec       0x24 Output/USB-CAN Release/Obj/can.o
                0x08000cec                CANbus::filtercode(unsigned int)
 .text._ZN6CANbus7bitrateEj
                0x08000d10       0x60 Output/USB-CAN Release/Obj/can.o
                0x08000d10                CANbus::bitrate(unsigned int)
 .text._ZN6CANbus7bitrateENS_7BitrateE
                0x08000d70        0x8 Output/USB-CAN Release/Obj/can.o
                0x08000d70                CANbus::bitrate(CANbus::Bitrate)
 .text._ZN6CANbus4openENS_8OpenModeE
                0x08000d78       0xc8 Output/USB-CAN Release/Obj/can.o
                0x08000d78                CANbus::open(CANbus::OpenMode)
 .text._ZN6CANbus5closeEv
                0x08000e40       0x38 Output/USB-CAN Release/Obj/can.o
                0x08000e40                CANbus::close()
 .text._ZN6CANbus9timestampEb
                0x08000e78        0xc Output/USB-CAN Release/Obj/can.o
                0x08000e78                CANbus::timestamp(bool)
 .text._ZN6CANbus9timestampEv
                0x08000e84        0xc Output/USB-CAN Release/Obj/can.o
                0x08000e84                CANbus::timestamp()
 .text._ZN6CANbus4sendERNS_5TxMsgE
                0x08000e90       0x78 Output/USB-CAN Release/Obj/can.o
                0x08000e90                CANbus::send(CANbus::TxMsg&)
 .text._ZN6CANbus9set_rx_cbEPFvRNS_5RxMsgEE
                0x08000f08       0x14 Output/USB-CAN Release/Obj/can.o
                0x08000f08                CANbus::set_rx_cb(void (*)(CANbus::RxMsg&))
 .text.CEC_CAN_IRQHandler
                0x08000f1c       0x94 Output/USB-CAN Release/Obj/can.o
                0x08000f1c                CEC_CAN_IRQHandler
 .text._GLOBAL__sub_I__ZN6CANbus4initEv
                0x08000fb0       0x20 Output/USB-CAN Release/Obj/can.o
 .text.CTR      0x08000fd0      0x418 Output/USB-CAN Release/Obj/usb_dcd_int.o
                0x08000fd0                CTR
 .text.USB_Istr
                0x080013e8      0x118 Output/USB-CAN Release/Obj/usb_dcd_int.o
                0x080013e8                USB_Istr
 .text.SetCNTR  0x08001500        0xc Output/USB-CAN Release/Obj/usb_core.o
                0x08001500                SetCNTR
 .text.SetISTR  0x0800150c        0xc Output/USB-CAN Release/Obj/usb_core.o
                0x0800150c                SetISTR
 .text.SetBTABLE
                0x08001518       0x10 Output/USB-CAN Release/Obj/usb_core.o
                0x08001518                SetBTABLE
 .text.GetENDPOINT
                0x08001528       0x14 Output/USB-CAN Release/Obj/usb_core.o
                0x08001528                GetENDPOINT
 .text.SetEPType
                0x0800153c       0x20 Output/USB-CAN Release/Obj/usb_core.o
                0x0800153c                SetEPType
 .text.SetEPTxStatus
                0x0800155c       0x34 Output/USB-CAN Release/Obj/usb_core.o
                0x0800155c                SetEPTxStatus
 .text.SetEPRxStatus
                0x08001590       0x38 Output/USB-CAN Release/Obj/usb_core.o
                0x08001590                SetEPRxStatus
 .text.SetEPDoubleBuff
                0x080015c8       0x28 Output/USB-CAN Release/Obj/usb_core.o
                0x080015c8                SetEPDoubleBuff
 .text.ToggleDTOG_RX
                0x080015f0       0x24 Output/USB-CAN Release/Obj/usb_core.o
                0x080015f0                ToggleDTOG_RX
 .text.ToggleDTOG_TX
                0x08001614       0x24 Output/USB-CAN Release/Obj/usb_core.o
                0x08001614                ToggleDTOG_TX
 .text.ClearDTOG_RX
                0x08001638       0x28 Output/USB-CAN Release/Obj/usb_core.o
                0x08001638                ClearDTOG_RX
 .text.ClearDTOG_TX
                0x08001660       0x28 Output/USB-CAN Release/Obj/usb_core.o
                0x08001660                ClearDTOG_TX
 .text.SetEPTxAddr
                0x08001688       0x24 Output/USB-CAN Release/Obj/usb_core.o
                0x08001688                SetEPTxAddr
 .text.SetEPRxAddr
                0x080016ac       0x24 Output/USB-CAN Release/Obj/usb_core.o
                0x080016ac                SetEPRxAddr
 .text.SetEPTxCount
                0x080016d0       0x20 Output/USB-CAN Release/Obj/usb_core.o
                0x080016d0                SetEPTxCount
 .text.SetEPRxCount
                0x080016f0       0x44 Output/USB-CAN Release/Obj/usb_core.o
                0x080016f0                SetEPRxCount
 .text.GetEPTxCount
                0x08001734       0x24 Output/USB-CAN Release/Obj/usb_core.o
                0x08001734                GetEPTxCount
 .text.GetEPRxCount
                0x08001758       0x24 Output/USB-CAN Release/Obj/usb_core.o
                0x08001758                GetEPRxCount
 .text.SetEPDblBuffAddr
                0x0800177c       0x3c Output/USB-CAN Release/Obj/usb_core.o
                0x0800177c                SetEPDblBuffAddr
 .text.SetEPDblBuffCount
                0x080017b8       0xbc Output/USB-CAN Release/Obj/usb_core.o
                0x080017b8                SetEPDblBuffCount
 .text.GetEPDblBuf0Count
                0x08001874       0x24 Output/USB-CAN Release/Obj/usb_core.o
                0x08001874                GetEPDblBuf0Count
 .text.GetEPDblBuf1Count
                0x08001898       0x24 Output/USB-CAN Release/Obj/usb_core.o
                0x08001898                GetEPDblBuf1Count
 .text.FreeUserBuffer
                0x080018bc       0x44 Output/USB-CAN Release/Obj/usb_core.o
                0x080018bc                FreeUserBuffer
 .text.UserToPMABufferCopy
                0x08001900       0x2c Output/USB-CAN Release/Obj/usb_core.o
                0x08001900                UserToPMABufferCopy
 .text.PMAToUserBufferCopy
                0x0800192c       0x24 Output/USB-CAN Release/Obj/usb_core.o
                0x0800192c                PMAToUserBufferCopy
 .text.DCD_Init
                0x08001950       0x38 Output/USB-CAN Release/Obj/usb_dcd.o
                0x08001950                DCD_Init
 .text.DCD_PMA_Config
                0x08001988       0x3c Output/USB-CAN Release/Obj/usb_dcd.o
                0x08001988                DCD_PMA_Config
 .text.DCD_EP_Open
                0x080019c4      0x136 Output/USB-CAN Release/Obj/usb_dcd.o
                0x080019c4                DCD_EP_Open
 .text.DCD_EP_Close
                0x08001afa       0xa2 Output/USB-CAN Release/Obj/usb_dcd.o
                0x08001afa                DCD_EP_Close
 .text.DCD_EP_PrepareRx
                0x08001b9c       0xac Output/USB-CAN Release/Obj/usb_dcd.o
                0x08001b9c                DCD_EP_PrepareRx
 .text.DCD_EP_Tx
                0x08001c48       0xc2 Output/USB-CAN Release/Obj/usb_dcd.o
                0x08001c48                DCD_EP_Tx
 *fill*         0x08001d0a        0x2 
 .text.DCD_EP_Stall
                0x08001d0c       0x74 Output/USB-CAN Release/Obj/usb_dcd.o
                0x08001d0c                DCD_EP_Stall
 .text.DCD_EP_ClrStall
                0x08001d80       0x54 Output/USB-CAN Release/Obj/usb_dcd.o
                0x08001d80                DCD_EP_ClrStall
 .text.DCD_EP_SetAddress
                0x08001dd4       0x44 Output/USB-CAN Release/Obj/usb_dcd.o
                0x08001dd4                DCD_EP_SetAddress
 .text.DCD_DevConnect
                0x08001e18       0x18 Output/USB-CAN Release/Obj/usb_dcd.o
                0x08001e18                DCD_DevConnect
 .text.usbd_cdc_EP0_RxReady
                0x08001e30       0x30 Output/USB-CAN Release/Obj/usbd_cdc_core.o
                0x08001e30                usbd_cdc_EP0_RxReady
 .text.USBD_cdc_GetCfgDesc
                0x08001e60        0xc Output/USB-CAN Release/Obj/usbd_cdc_core.o
 .text.usbd_cdc_Init
                0x08001e6c       0x6c Output/USB-CAN Release/Obj/usbd_cdc_core.o
                0x08001e6c                usbd_cdc_Init
 .text.usbd_cdc_DataOut
                0x08001ed8       0x34 Output/USB-CAN Release/Obj/usbd_cdc_core.o
                0x08001ed8                usbd_cdc_DataOut
 .text.usbd_cdc_DeInit
                0x08001f0c       0x28 Output/USB-CAN Release/Obj/usbd_cdc_core.o
                0x08001f0c                usbd_cdc_DeInit
 .text.usbd_cdc_Setup
                0x08001f34       0xe0 Output/USB-CAN Release/Obj/usbd_cdc_core.o
                0x08001f34                usbd_cdc_Setup
 .text.usbd_cdc_DataIn
                0x08002014       0xac Output/USB-CAN Release/Obj/usbd_cdc_core.o
                0x08002014                usbd_cdc_DataIn
 .text.usbd_cdc_SOF
                0x080020c0       0xfc Output/USB-CAN Release/Obj/usbd_cdc_core.o
                0x080020c0                usbd_cdc_SOF
 .text.USBD_StdDevReq
                0x080021bc      0x2a4 Output/USB-CAN Release/Obj/usbd_req.o
                0x080021bc                USBD_StdDevReq
 .text.USBD_StdItfReq
                0x08002460       0x46 Output/USB-CAN Release/Obj/usbd_req.o
                0x08002460                USBD_StdItfReq
 .text.USBD_StdEPReq
                0x080024a6       0xfa Output/USB-CAN Release/Obj/usbd_req.o
                0x080024a6                USBD_StdEPReq
 .text.USBD_ParseSetupRequest
                0x080025a0       0x30 Output/USB-CAN Release/Obj/usbd_req.o
                0x080025a0                USBD_ParseSetupRequest
 .text.USBD_CtlError
                0x080025d0        0xa Output/USB-CAN Release/Obj/usbd_req.o
                0x080025d0                USBD_CtlError
 .text.USBD_GetString
                0x080025da       0x48 Output/USB-CAN Release/Obj/usbd_req.o
                0x080025da                USBD_GetString
 .text.USBD_Resume
                0x08002622       0x16 Output/USB-CAN Release/Obj/usbd_core.o
 .text.USBD_Suspend
                0x08002638       0x18 Output/USB-CAN Release/Obj/usbd_core.o
 .text.USBD_SOF
                0x08002650       0x14 Output/USB-CAN Release/Obj/usbd_core.o
 .text.USBD_Reset
                0x08002664       0x46 Output/USB-CAN Release/Obj/usbd_core.o
 .text.USBD_SetupStage
                0x080026aa       0x4e Output/USB-CAN Release/Obj/usbd_core.o
 .text.USBD_DataInStage
                0x080026f8       0xa4 Output/USB-CAN Release/Obj/usbd_core.o
 .text.USBD_DataOutStage
                0x0800279c       0x6c Output/USB-CAN Release/Obj/usbd_core.o
 .text.USBD_Init
                0x08002808       0x3c Output/USB-CAN Release/Obj/usbd_core.o
                0x08002808                USBD_Init
 .text.USBD_SetCfg
                0x08002844       0x1c Output/USB-CAN Release/Obj/usbd_core.o
                0x08002844                USBD_SetCfg
 .text.USBD_ClrCfg
                0x08002860       0x10 Output/USB-CAN Release/Obj/usbd_core.o
                0x08002860                USBD_ClrCfg
 .text.USBD_CtlSendData
                0x08002870       0x18 Output/USB-CAN Release/Obj/usbd_ioreq.o
                0x08002870                USBD_CtlSendData
 .text.USBD_CtlContinueSendData
                0x08002888       0x10 Output/USB-CAN Release/Obj/usbd_ioreq.o
                0x08002888                USBD_CtlContinueSendData
 .text.USBD_CtlPrepareRx
                0x08002898       0x1c Output/USB-CAN Release/Obj/usbd_ioreq.o
                0x08002898                USBD_CtlPrepareRx
 .text.USBD_CtlContinueRx
                0x080028b4       0x10 Output/USB-CAN Release/Obj/usbd_ioreq.o
                0x080028b4                USBD_CtlContinueRx
 .text.USBD_CtlSendStatus
                0x080028c4       0x14 Output/USB-CAN Release/Obj/usbd_ioreq.o
                0x080028c4                USBD_CtlSendStatus
 .text.USBD_CtlReceiveStatus
                0x080028d8       0x14 Output/USB-CAN Release/Obj/usbd_ioreq.o
                0x080028d8                USBD_CtlReceiveStatus
 .text.USB_IRQHandler
                0x080028ec        0x8 Output/USB-CAN Release/Obj/usb_bsp.o
                0x080028ec                USB_IRQHandler
 .text.USB_BSP_Init
                0x080028f4       0x50 Output/USB-CAN Release/Obj/usb_bsp.o
                0x080028f4                USB_BSP_Init
 .text.USB_BSP_EnableInterrupt
                0x08002944       0x20 Output/USB-CAN Release/Obj/usb_bsp.o
                0x08002944                USB_BSP_EnableInterrupt
 .text.VCP_Init
                0x08002964        0x4 Output/USB-CAN Release/Obj/usbd_cdc_vcp.o
 .text.VCP_DeInit
                0x08002968        0x4 Output/USB-CAN Release/Obj/usbd_cdc_vcp.o
 .text.VCP_Ctrl
                0x0800296c        0x4 Output/USB-CAN Release/Obj/usbd_cdc_vcp.o
 .text.VCP_DataTx
                0x08002970       0x68 Output/USB-CAN Release/Obj/usbd_cdc_vcp.o
                0x08002970                VCP_DataTx
 .text.VCP_DataRx
                0x080029d8        0x8 Output/USB-CAN Release/Obj/usbd_cdc_vcp.o
 .text.USBD_USR_DeviceDescriptor
                0x080029e0        0xc Output/USB-CAN Release/Obj/usbd_desc.o
                0x080029e0                USBD_USR_DeviceDescriptor
 .text.USBD_USR_LangIDStrDescriptor
                0x080029ec        0xc Output/USB-CAN Release/Obj/usbd_desc.o
                0x080029ec                USBD_USR_LangIDStrDescriptor
 .text.USBD_USR_SerialStrDescriptor
                0x080029f8        0xc Output/USB-CAN Release/Obj/usbd_desc.o
                0x080029f8                USBD_USR_SerialStrDescriptor
 .text.IntToUnicode
                0x08002a04       0x32 Output/USB-CAN Release/Obj/usbd_desc.o
 *fill*         0x08002a36        0x2 
 .text.USBD_USR_ProductStrDescriptor
                0x08002a38       0x1c Output/USB-CAN Release/Obj/usbd_desc.o
                0x08002a38                USBD_USR_ProductStrDescriptor
 .text.USBD_USR_ManufacturerStrDescriptor
                0x08002a54       0x1c Output/USB-CAN Release/Obj/usbd_desc.o
                0x08002a54                USBD_USR_ManufacturerStrDescriptor
 .text.USBD_USR_ConfigStrDescriptor
                0x08002a70       0x1c Output/USB-CAN Release/Obj/usbd_desc.o
                0x08002a70                USBD_USR_ConfigStrDescriptor
 .text.USBD_USR_InterfaceStrDescriptor
                0x08002a8c       0x1c Output/USB-CAN Release/Obj/usbd_desc.o
                0x08002a8c                USBD_USR_InterfaceStrDescriptor
 .text.Get_SerialNum
                0x08002aa8       0x40 Output/USB-CAN Release/Obj/usbd_desc.o
                0x08002aa8                Get_SerialNum
 .text.Suspend  0x08002ae8       0x1c Output/USB-CAN Release/Obj/usbd_pwr.o
                0x08002ae8                Suspend
 .text.Resume_Init
                0x08002b04       0x1c Output/USB-CAN Release/Obj/usbd_pwr.o
                0x08002b04                Resume_Init
 .text.Resume   0x08002b20       0xcc Output/USB-CAN Release/Obj/usbd_pwr.o
                0x08002b20                Resume
 .text.USBD_USR_Init
                0x08002bec        0x2 Output/USB-CAN Release/Obj/usbd_usr.o
                0x08002bec                USBD_USR_Init
 .text.USBD_USR_DeviceReset
                0x08002bee        0x2 Output/USB-CAN Release/Obj/usbd_usr.o
                0x08002bee                USBD_USR_DeviceReset
 .text.USBD_USR_DeviceConfigured
                0x08002bf0        0x2 Output/USB-CAN Release/Obj/usbd_usr.o
                0x08002bf0                USBD_USR_DeviceConfigured
 .text.USBD_USR_DeviceSuspended
                0x08002bf2        0x2 Output/USB-CAN Release/Obj/usbd_usr.o
                0x08002bf2                USBD_USR_DeviceSuspended
 .text.USBD_USR_DeviceResumed
                0x08002bf4        0x2 Output/USB-CAN Release/Obj/usbd_usr.o
                0x08002bf4                USBD_USR_DeviceResumed
 *fill*         0x08002bf6        0x2 
 .text._ZN5Timer4initEv
                0x08002bf8      0x108 Output/USB-CAN Release/Obj/Timer.o
                0x08002bf8                Timer::init()
 .text._ZN8TimerLed4initEv
                0x08002d00       0x6c Output/USB-CAN Release/Obj/timer_led.o
                0x08002d00                TimerLed::init()
 .text._ZN8TimerLed8calc_ccrEj
                0x08002d6c       0x1c Output/USB-CAN Release/Obj/timer_led.o
                0x08002d6c                TimerLed::calc_ccr(unsigned int)
 .text._ZN8TimerLed8rx_blinkEj
                0x08002d88       0x28 Output/USB-CAN Release/Obj/timer_led.o
                0x08002d88                TimerLed::rx_blink(unsigned int)
 .text._ZN8TimerLed8tx_blinkEj
                0x08002db0       0x28 Output/USB-CAN Release/Obj/timer_led.o
                0x08002db0                TimerLed::tx_blink(unsigned int)
 .text._ZN8TimerLed4linkEb
                0x08002dd8       0x28 Output/USB-CAN Release/Obj/timer_led.o
                0x08002dd8                TimerLed::link(bool)
 .text.TIM15_IRQHandler
                0x08002e00       0x58 Output/USB-CAN Release/Obj/timer_led.o
                0x08002e00                TIM15_IRQHandler
 .text._GLOBAL__sub_I_led_link
                0x08002e58       0x34 Output/USB-CAN Release/Obj/timer_led.o
 .text.libc.__aeabi_uidivmod
                0x08002e8c       0x2c C:/Program Files/Segger/SEGGER Embedded Studio 3.24/lib/libc_v6m_t_le_eabi_swc.a(libc_asm.o)
                0x08002e8c                __aeabi_uidivmod
                0x08002e8c                __int32_udivmod
 .text.libc.__RAL_ascii_isctype
                0x08002eb8       0x1c C:/Program Files/Segger/SEGGER Embedded Studio 3.24/lib/libc_v6m_t_le_eabi_swc.a(libc2.o)
 .text.libc.__RAL_ascii_toupper
                0x08002ed4       0x10 C:/Program Files/Segger/SEGGER Embedded Studio 3.24/lib/libc_v6m_t_le_eabi_swc.a(libc2.o)
 .text.libc.__RAL_ascii_tolower
                0x08002ee4       0x10 C:/Program Files/Segger/SEGGER Embedded Studio 3.24/lib/libc_v6m_t_le_eabi_swc.a(libc2.o)
 .text.libc.__RAL_ascii_iswctype
                0x08002ef4       0x1c C:/Program Files/Segger/SEGGER Embedded Studio 3.24/lib/libc_v6m_t_le_eabi_swc.a(libc2.o)
 .text.libc.__RAL_ascii_towupper
                0x08002f10       0x10 C:/Program Files/Segger/SEGGER Embedded Studio 3.24/lib/libc_v6m_t_le_eabi_swc.a(libc2.o)
 .text.libc.__RAL_ascii_towlower
                0x08002f20       0x10 C:/Program Files/Segger/SEGGER Embedded Studio 3.24/lib/libc_v6m_t_le_eabi_swc.a(libc2.o)
 .text.libc.__RAL_ascii_wctomb
                0x08002f30       0x10 C:/Program Files/Segger/SEGGER Embedded Studio 3.24/lib/libc_v6m_t_le_eabi_swc.a(libc2.o)
                0x08002f30                __RAL_ascii_wctomb
 .text.libc.__RAL_ascii_mbtowc
                0x08002f40       0x28 C:/Program Files/Segger/SEGGER Embedded Studio 3.24/lib/libc_v6m_t_le_eabi_swc.a(libc2.o)
                0x08002f40                __RAL_ascii_mbtowc
 .text.libc.__RAL_isctype
                0x08002f68       0x14 C:/Program Files/Segger/SEGGER Embedded Studio 3.24/lib/libc_v6m_t_le_eabi_swc.a(libc2.o)
                0x08002f68                __RAL_isctype
 .text.libc.isdigit
                0x08002f7c        0xa C:/Program Files/Segger/SEGGER Embedded Studio 3.24/lib/libc_v6m_t_le_eabi_swc.a(libc2.o)
                0x08002f7c                isdigit
 *fill*         0x08002f86        0x2 
 .text.libc.memset
                0x08002f88       0x14 C:/Program Files/Segger/SEGGER Embedded Studio 3.24/lib/libc_v6m_t_le_eabi_swc.a(libc2_asm.o)
                0x08002f88                memset
 .text.libc.strlen
                0x08002f9c       0x10 C:/Program Files/Segger/SEGGER Embedded Studio 3.24/lib/libc_v6m_t_le_eabi_swc.a(libc2_asm.o)
                0x08002f9c                strlen
                0x08002fac                __text_end__ = (__text_start__ + SIZEOF (.text))
                0x00002c00                __text_size__ = SIZEOF (.text)
                0x08002fac                __text_load_end__ = __text_end__

.vfp11_veneer   0x00000000        0x0
 .vfp11_veneer  0x00000000        0x0 linker stubs

.v4_bx          0x00000000        0x0
 .v4_bx         0x00000000        0x0 linker stubs

.iplt           0x00000000        0x0
 .iplt          0x00000000        0x0 Output/USB-CAN Release/Obj/system_stm32f0xx.o
                0x00000001                . = ASSERT (((__text_start__ == __text_end__) || ((__text_end__ >= __FLASH_segment_start__) && (__text_end__ <= __FLASH_segment_end__))), error: .text is too large to fit in FLASH memory segment)
                0x08002fac                __dtors_load_start__ = ALIGN (__text_end__, 0x4)

.dtors          0x08002fac        0x0
                0x08002fac                __dtors_start__ = .
 *(SORT(.dtors.*))
 *(.dtors)
 *(.fini_array)
 *(SORT(.fini_array.*))
                0x08002fac                __dtors_end__ = (__dtors_start__ + SIZEOF (.dtors))
                0x00000000                __dtors_size__ = SIZEOF (.dtors)
                0x08002fac                __dtors_load_end__ = __dtors_end__
                0x00000001                . = ASSERT (((__dtors_start__ == __dtors_end__) || ((__dtors_end__ >= __FLASH_segment_start__) && (__dtors_end__ <= __FLASH_segment_end__))), error: .dtors is too large to fit in FLASH memory segment)
                0x08002fac                __ctors_load_start__ = ALIGN (__dtors_end__, 0x4)

.ctors          0x08002fac        0xc
                0x08002fac                __ctors_start__ = .
 *(SORT(.ctors.*))
 *(.ctors)
 *(.init_array)
 .init_array    0x08002fac        0x4 Output/USB-CAN Release/Obj/main.o
 .init_array    0x08002fb0        0x4 Output/USB-CAN Release/Obj/can.o
 .init_array    0x08002fb4        0x4 Output/USB-CAN Release/Obj/timer_led.o
 *(SORT(.init_array.*))
                0x08002fb8                __ctors_end__ = (__ctors_start__ + SIZEOF (.ctors))
                0x0000000c                __ctors_size__ = SIZEOF (.ctors)
                0x08002fb8                __ctors_load_end__ = __ctors_end__
                0x00000001                . = ASSERT (((__ctors_start__ == __ctors_end__) || ((__ctors_end__ >= __FLASH_segment_start__) && (__ctors_end__ <= __FLASH_segment_end__))), error: .ctors is too large to fit in FLASH memory segment)
                0x08002fb8                __rodata_load_start__ = ALIGN (__ctors_end__, 0x4)

.rodata         0x08002fb8      0x48c
                0x08002fb8                __rodata_start__ = .
 *(.rodata .rodata.* .gnu.linkonce.r.*)
 .rodata.main   0x08002fb8       0xf0 Output/USB-CAN Release/Obj/main.o
 .rodata        0x080030a8       0x10 Output/USB-CAN Release/Obj/main.o
 .rodata.main.str1.4
                0x080030b8       0x22 Output/USB-CAN Release/Obj/main.o
 *fill*         0x080030da        0x2 
 .rodata.usbd_cdc_CfgDesc
                0x080030dc       0x43 Output/USB-CAN Release/Obj/usbd_cdc_core.o
                0x080030dc                usbd_cdc_CfgDesc
 *fill*         0x0800311f        0x1 
 .rodata.USBD_StdDevReq
                0x08003120       0x60 Output/USB-CAN Release/Obj/usbd_req.o
 .rodata.USBD_DeviceDesc
                0x08003180       0x12 Output/USB-CAN Release/Obj/usbd_desc.o
                0x08003180                USBD_DeviceDesc
 *fill*         0x08003192        0x2 
 .rodata.USBD_LangIDDesc
                0x08003194        0x4 Output/USB-CAN Release/Obj/usbd_desc.o
                0x08003194                USBD_LangIDDesc
 .rodata.USBD_USR_ConfigStrDescriptor.str1.4
                0x08003198        0xb Output/USB-CAN Release/Obj/usbd_desc.o
 *fill*         0x080031a3        0x1 
 .rodata.USBD_USR_InterfaceStrDescriptor.str1.4
                0x080031a4        0xe Output/USB-CAN Release/Obj/usbd_desc.o
 *fill*         0x080031b2        0x2 
 .rodata.USBD_USR_ManufacturerStrDescriptor.str1.4
                0x080031b4       0x13 Output/USB-CAN Release/Obj/usbd_desc.o
 *fill*         0x080031c7        0x1 
 .rodata.USBD_USR_ProductStrDescriptor.str1.4
                0x080031c8       0x21 Output/USB-CAN Release/Obj/usbd_desc.o
 *fill*         0x080031e9        0x3 
 .rodata.Resume
                0x080031ec       0x18 Output/USB-CAN Release/Obj/usbd_pwr.o
 .rodata.libc.__RAL_ascii_ctype_map
                0x08003204       0x80 C:/Program Files/Segger/SEGGER Embedded Studio 3.24/lib/libc_v6m_t_le_eabi_swc.a(libc2.o)
                0x08003204                __RAL_ascii_ctype_map
 .rodata.libc.__RAL_ascii_ctype_mask
                0x08003284        0xd C:/Program Files/Segger/SEGGER Embedded Studio 3.24/lib/libc_v6m_t_le_eabi_swc.a(libc2.o)
 *fill*         0x08003291        0x3 
 .rodata.libc.__RAL_c_locale
                0x08003294        0xc C:/Program Files/Segger/SEGGER Embedded Studio 3.24/lib/libc_v6m_t_le_eabi_swc.a(libc2.o)
                0x08003294                __RAL_c_locale
 .rodata.libc.__RAL_c_locale_abbrev_day_names
                0x080032a0       0x1d C:/Program Files/Segger/SEGGER Embedded Studio 3.24/lib/libc_v6m_t_le_eabi_swc.a(libc2.o)
                0x080032a0                __RAL_c_locale_abbrev_day_names
 *fill*         0x080032bd        0x3 
 .rodata.libc.__RAL_c_locale_abbrev_month_names
                0x080032c0       0x31 C:/Program Files/Segger/SEGGER Embedded Studio 3.24/lib/libc_v6m_t_le_eabi_swc.a(libc2.o)
                0x080032c0                __RAL_c_locale_abbrev_month_names
 *fill*         0x080032f1        0x3 
 .rodata.libc.__RAL_c_locale_am_pm_indicator
                0x080032f4        0x7 C:/Program Files/Segger/SEGGER Embedded Studio 3.24/lib/libc_v6m_t_le_eabi_swc.a(libc2.o)
                0x080032f4                __RAL_c_locale_am_pm_indicator
 *fill*         0x080032fb        0x1 
 .rodata.libc.__RAL_c_locale_data
                0x080032fc       0x58 C:/Program Files/Segger/SEGGER Embedded Studio 3.24/lib/libc_v6m_t_le_eabi_swc.a(libc2.o)
                0x080032fc                __RAL_c_locale_data
 .rodata.libc.__RAL_c_locale_date_format
                0x08003354        0x9 C:/Program Files/Segger/SEGGER Embedded Studio 3.24/lib/libc_v6m_t_le_eabi_swc.a(libc2.o)
                0x08003354                __RAL_c_locale_date_format
 *fill*         0x0800335d        0x3 
 .rodata.libc.__RAL_c_locale_date_time_format
                0x08003360        0xf C:/Program Files/Segger/SEGGER Embedded Studio 3.24/lib/libc_v6m_t_le_eabi_swc.a(libc2.o)
                0x08003360                __RAL_c_locale_date_time_format
 *fill*         0x0800336f        0x1 
 .rodata.libc.__RAL_c_locale_day_names
                0x08003370       0x3a C:/Program Files/Segger/SEGGER Embedded Studio 3.24/lib/libc_v6m_t_le_eabi_swc.a(libc2.o)
                0x08003370                __RAL_c_locale_day_names
 *fill*         0x080033aa        0x2 
 .rodata.libc.__RAL_c_locale_month_names
                0x080033ac       0x57 C:/Program Files/Segger/SEGGER Embedded Studio 3.24/lib/libc_v6m_t_le_eabi_swc.a(libc2.o)
                0x080033ac                __RAL_c_locale_month_names
 *fill*         0x08003403        0x1 
 .rodata.libc.__RAL_c_locale_time_format
                0x08003404        0x9 C:/Program Files/Segger/SEGGER Embedded Studio 3.24/lib/libc_v6m_t_le_eabi_swc.a(libc2.o)
                0x08003404                __RAL_c_locale_time_format
 *fill*         0x0800340d        0x3 
 .rodata.libc.__RAL_codeset_ascii
                0x08003410       0x20 C:/Program Files/Segger/SEGGER Embedded Studio 3.24/lib/libc_v6m_t_le_eabi_swc.a(libc2.o)
                0x08003410                __RAL_codeset_ascii
 .rodata.libc.__RAL_data_empty_string
                0x08003430        0x1 C:/Program Files/Segger/SEGGER Embedded Studio 3.24/lib/libc_v6m_t_le_eabi_swc.a(libc2.o)
                0x08003430                __RAL_data_empty_string
 *fill*         0x08003431        0x3 
 .rodata.libc.__RAL_data_utf8_period
                0x08003434        0x2 C:/Program Files/Segger/SEGGER Embedded Studio 3.24/lib/libc_v6m_t_le_eabi_swc.a(libc2.o)
                0x08003434                __RAL_data_utf8_period
 *fill*         0x08003436        0x2 
 .rodata.libc.__RAL_find_locale.str1.4
                0x08003438        0xc C:/Program Files/Segger/SEGGER Embedded Studio 3.24/lib/libc_v6m_t_le_eabi_swc.a(libc2.o)
                                  0xa (size before relaxing)
                0x08003444                __rodata_end__ = (__rodata_start__ + SIZEOF (.rodata))
                0x0000048c                __rodata_size__ = SIZEOF (.rodata)
                0x08003444                __rodata_load_end__ = __rodata_end__

.rel.dyn        0x08000000        0x0
 .rel.iplt      0x08000000        0x0 Output/USB-CAN Release/Obj/system_stm32f0xx.o
                0x00000001                . = ASSERT (((__rodata_start__ == __rodata_end__) || ((__rodata_end__ >= __FLASH_segment_start__) && (__rodata_end__ <= __FLASH_segment_end__))), error: .rodata is too large to fit in FLASH memory segment)
                0x08003444                __ARM.exidx_load_start__ = ALIGN (__rodata_end__, 0x4)

.ARM.exidx      0x08003444        0x0
                0x08003444                __ARM.exidx_start__ = .
                0x08003444                __exidx_start = __ARM.exidx_start__
 *(.ARM.exidx .ARM.exidx.*)
                0x08003444                __ARM.exidx_end__ = (__ARM.exidx_start__ + SIZEOF (.ARM.exidx))
                0x00000000                __ARM.exidx_size__ = SIZEOF (.ARM.exidx)
                0x08003444                __exidx_end = __ARM.exidx_end__
                0x08003444                __ARM.exidx_load_end__ = __ARM.exidx_end__
                0x00000001                . = ASSERT (((__ARM.exidx_start__ == __ARM.exidx_end__) || ((__ARM.exidx_end__ >= __FLASH_segment_start__) && (__ARM.exidx_end__ <= __FLASH_segment_end__))), error: .ARM.exidx is too large to fit in FLASH memory segment)
                0x08003444                __fast_load_start__ = ALIGN (__ARM.exidx_end__, 0x4)

.fast           0x20000000        0x0 load address 0x08003444
                0x20000000                __fast_start__ = .
 *(.fast .fast.*)
                0x20000000                __fast_end__ = (__fast_start__ + SIZEOF (.fast))
                0x00000000                __fast_size__ = SIZEOF (.fast)
                0x08003444                __fast_load_end__ = (__fast_load_start__ + SIZEOF (.fast))
                0x00000001                . = ASSERT (((__fast_load_start__ == __fast_load_end__) || ((__fast_load_end__ >= __FLASH_segment_start__) && (__fast_load_end__ <= __FLASH_segment_end__))), error: .fast is too large to fit in FLASH memory segment)

.fast_run       0x20000000        0x0
                0x20000000                __fast_run_start__ = .
                0x20000000                . = MAX ((__fast_run_start__ + SIZEOF (.fast)), .)
                0x20000000                __fast_run_end__ = (__fast_run_start__ + SIZEOF (.fast_run))
                0x00000000                __fast_run_size__ = SIZEOF (.fast_run)
                0x20000000                __fast_run_load_end__ = __fast_run_end__
                0x00000001                . = ASSERT (((__fast_run_start__ == __fast_run_end__) || ((__fast_run_end__ >= __RAM_segment_start__) && (__fast_run_end__ <= __RAM_segment_end__))), error: .fast_run is too large to fit in RAM memory segment)
                0x08003444                __data_load_start__ = ALIGN ((__fast_load_start__ + SIZEOF (.fast)), 0x4)

.data           0x20000000       0xc0 load address 0x08003444
                0x20000000                __data_start__ = .
 *(.data .data.* .gnu.linkonce.d.*)
 .data._ZL7btr_reg
                0x20000000        0x4 Output/USB-CAN Release/Obj/can.o
 .data.USBD_CDC_cb
                0x20000004       0x24 Output/USB-CAN Release/Obj/usbd_cdc_core.o
                0x20000004                USBD_CDC_cb
 .data.cdcCmd   0x20000028        0x4 Output/USB-CAN Release/Obj/usbd_cdc_core.o
 .data.USBD_DCD_INT_cb
                0x2000002c       0x1c Output/USB-CAN Release/Obj/usbd_core.o
                0x2000002c                USBD_DCD_INT_cb
 .data.USBD_DCD_INT_fops
                0x20000048        0x4 Output/USB-CAN Release/Obj/usbd_core.o
                0x20000048                USBD_DCD_INT_fops
 .data.VCP_fops
                0x2000004c       0x14 Output/USB-CAN Release/Obj/usbd_cdc_vcp.o
                0x2000004c                VCP_fops
 .data.USBD_StringSerial
                0x20000060       0x1a Output/USB-CAN Release/Obj/usbd_desc.o
                0x20000060                USBD_StringSerial
 *fill*         0x2000007a        0x2 
 .data.USR_desc
                0x2000007c       0x1c Output/USB-CAN Release/Obj/usbd_desc.o
                0x2000007c                USR_desc
 .data.USR_cb   0x20000098       0x14 Output/USB-CAN Release/Obj/usbd_usr.o
                0x20000098                USR_cb
 .data.libc.__RAL_global_locale
                0x200000ac       0x14 C:/Program Files/Segger/SEGGER Embedded Studio 3.24/lib/libc_v6m_t_le_eabi_swc.a(libc2.o)
                0x200000ac                __RAL_global_locale
                0x200000c0                __data_end__ = (__data_start__ + SIZEOF (.data))
                0x000000c0                __data_size__ = SIZEOF (.data)
                0x08003504                __data_load_end__ = (__data_load_start__ + SIZEOF (.data))

.igot.plt       0x00000000        0x0
 .igot.plt      0x00000000        0x0 Output/USB-CAN Release/Obj/system_stm32f0xx.o
                0x00000001                . = ASSERT (((__data_load_start__ == __data_load_end__) || ((__data_load_end__ >= __FLASH_segment_start__) && (__data_load_end__ <= __FLASH_segment_end__))), error: .data is too large to fit in FLASH memory segment)

.data_run       0x20000000       0xc0 load address 0x08003444
                0x20000000                __data_run_start__ = .
                0x200000c0                . = MAX ((__data_run_start__ + SIZEOF (.data)), .)
 *fill*         0x20000000       0xc0 
                0x200000c0                __data_run_end__ = (__data_run_start__ + SIZEOF (.data_run))
                0x000000c0                __data_run_size__ = SIZEOF (.data_run)
                0x200000c0                __data_run_load_end__ = __data_run_end__
                0x00000001                . = ASSERT (((__data_run_start__ == __data_run_end__) || ((__data_run_end__ >= __RAM_segment_start__) && (__data_run_end__ <= __RAM_segment_end__))), error: .data_run is too large to fit in RAM memory segment)
                0x08003504                __tdata_load_start__ = ALIGN ((__data_load_start__ + SIZEOF (.data)), 0x4)

.tdata          0x200000c0        0x0 load address 0x08003504
                0x200000c0                __tdata_start__ = .
 *(.tdata .tdata.*)
                0x200000c0                __tdata_end__ = (__tdata_start__ + SIZEOF (.tdata))
                0x00000000                __tdata_size__ = SIZEOF (.tdata)
                0x08003504                __tdata_load_end__ = (__tdata_load_start__ + SIZEOF (.tdata))
                0x08003504                __FLASH_segment_used_end__ = (ALIGN ((__data_load_start__ + SIZEOF (.data)), 0x4) + SIZEOF (.tdata))
                0x00003504                __FLASH_segment_used_size__ = (__FLASH_segment_used_end__ - __FLASH_segment_start__)
                0x00000001                . = ASSERT (((__tdata_load_start__ == __tdata_load_end__) || ((__tdata_load_end__ >= __FLASH_segment_start__) && (__tdata_load_end__ <= __FLASH_segment_end__))), error: .tdata is too large to fit in FLASH memory segment)

.tdata_run      0x200000c0        0x0
                0x200000c0                __tdata_run_start__ = .
                0x200000c0                . = MAX ((__tdata_run_start__ + SIZEOF (.tdata)), .)
                0x200000c0                __tdata_run_end__ = (__tdata_run_start__ + SIZEOF (.tdata_run))
                0x00000000                __tdata_run_size__ = SIZEOF (.tdata_run)
                0x200000c0                __tdata_run_load_end__ = __tdata_run_end__
                0x00000001                . = ASSERT (((__tdata_run_start__ == __tdata_run_end__) || ((__tdata_run_end__ >= __RAM_segment_start__) && (__tdata_run_end__ <= __RAM_segment_end__))), error: .tdata_run is too large to fit in RAM memory segment)
                0x200000c0                __bss_load_start__ = ALIGN (__tdata_run_end__, 0x4)

.bss            0x200000c0     0x332c
                0x200000c0                __bss_start__ = .
 *(.bss .bss.* .gnu.linkonce.b.*)
 .bss.USB_Device_dev
                0x200000c0      0x168 Output/USB-CAN Release/Obj/main.o
                0x200000c0                USB_Device_dev
 .bss.rxfifo    0x20000228     0x1008 Output/USB-CAN Release/Obj/main.o
                0x20000228                rxfifo
 .bss.txfifo    0x20001230     0x1008 Output/USB-CAN Release/Obj/main.o
                0x20001230                txfifo
 .bss._ZL12timestamping
                0x20002238        0x1 Output/USB-CAN Release/Obj/can.o
 *fill*         0x20002239        0x3 
 .bss._ZL5rx_cb
                0x2000223c        0x4 Output/USB-CAN Release/Obj/can.o
 .bss._ZL6isopen
                0x20002240        0x1 Output/USB-CAN Release/Obj/can.o
 *fill*         0x20002241        0x3 
 .bss._ZL6timled
                0x20002244        0xc Output/USB-CAN Release/Obj/can.o
 .bss.wInterrupt_Mask
                0x20002250        0x4 Output/USB-CAN Release/Obj/usb_dcd.o
                0x20002250                wInterrupt_Mask
 .bss.APP_Rx_Buffer
                0x20002254     0x1000 Output/USB-CAN Release/Obj/usbd_cdc_core.o
                0x20002254                APP_Rx_Buffer
 .bss.APP_Rx_idx_in
                0x20003254        0x4 Output/USB-CAN Release/Obj/usbd_cdc_core.o
                0x20003254                APP_Rx_idx_in
 .bss.APP_Rx_idx_out
                0x20003258        0x4 Output/USB-CAN Release/Obj/usbd_cdc_core.o
                0x20003258                APP_Rx_idx_out
 .bss.APP_Rx_length
                0x2000325c        0x4 Output/USB-CAN Release/Obj/usbd_cdc_core.o
                0x2000325c                APP_Rx_length
 .bss.APP_last_packet
                0x20003260        0x1 Output/USB-CAN Release/Obj/usbd_cdc_core.o
                0x20003260                APP_last_packet
 *fill*         0x20003261        0x3 
 .bss.CmdBuff   0x20003264        0x8 Output/USB-CAN Release/Obj/usbd_cdc_core.o
                0x20003264                CmdBuff
 .bss.FrameCount.4805
                0x2000326c        0x4 Output/USB-CAN Release/Obj/usbd_cdc_core.o
 .bss.USB_Rx_Buffer
                0x20003270       0x40 Output/USB-CAN Release/Obj/usbd_cdc_core.o
                0x20003270                USB_Rx_Buffer
 .bss.USB_Tx_Enabled
                0x200032b0        0x1 Output/USB-CAN Release/Obj/usbd_cdc_core.o
 *fill*         0x200032b1        0x3 
 .bss.cdcLen    0x200032b4        0x4 Output/USB-CAN Release/Obj/usbd_cdc_core.o
 .bss.usbd_cdc_AltSet
                0x200032b8        0x4 Output/USB-CAN Release/Obj/usbd_cdc_core.o
 .bss.ADDRESS   0x200032bc        0x4 Output/USB-CAN Release/Obj/usbd_req.o
                0x200032bc                ADDRESS
 .bss.USBD_StrDesc
                0x200032c0       0xff Output/USB-CAN Release/Obj/usbd_req.o
                0x200032c0                USBD_StrDesc
 .bss.cfgidx.4811
                0x200033bf        0x1 Output/USB-CAN Release/Obj/usbd_req.o
 .bss.ResumeS   0x200033c0        0x2 Output/USB-CAN Release/Obj/usbd_pwr.o
                0x200033c0                ResumeS
 *fill*         0x200033c2        0x2 
 .bss.remotewakeupon
                0x200033c4        0x4 Output/USB-CAN Release/Obj/usbd_pwr.o
                0x200033c4                remotewakeupon
 .bss.led_link  0x200033c8        0xc Output/USB-CAN Release/Obj/timer_led.o
                0x200033c8                led_link
 .bss.led_rx    0x200033d4        0xc Output/USB-CAN Release/Obj/timer_led.o
                0x200033d4                led_rx
 .bss.led_tx    0x200033e0        0xc Output/USB-CAN Release/Obj/timer_led.o
                0x200033e0                led_tx
 *(COMMON)
                0x200033ec                __bss_end__ = (__bss_start__ + SIZEOF (.bss))
                0x0000332c                __bss_size__ = SIZEOF (.bss)
                0x200033ec                __bss_load_end__ = __bss_end__
                0x00000001                . = ASSERT (((__bss_start__ == __bss_end__) || ((__bss_end__ >= __RAM_segment_start__) && (__bss_end__ <= __RAM_segment_end__))), error: .bss is too large to fit in RAM memory segment)
                0x200033ec                __tbss_load_start__ = ALIGN (__bss_end__, 0x4)

.tbss           0x200033ec        0x0
                0x200033ec                __tbss_start__ = .
 *(.tbss .tbss.*)
                0x200033ec                __tbss_end__ = (__tbss_start__ + SIZEOF (.tbss))
                0x00000000                __tbss_size__ = SIZEOF (.tbss)
                0x200033ec                __tbss_load_end__ = __tbss_end__
                0x00000001                . = ASSERT (((__tbss_start__ == __tbss_end__) || ((__tbss_end__ >= __RAM_segment_start__) && (__tbss_end__ <= __RAM_segment_end__))), error: .tbss is too large to fit in RAM memory segment)
                0x200033ec                __non_init_load_start__ = ALIGN (__tbss_end__, 0x4)

.non_init       0x200033ec        0x0
                0x200033ec                __non_init_start__ = .
 *(.non_init .non_init.*)
                0x200033ec                __non_init_end__ = (__non_init_start__ + SIZEOF (.non_init))
                0x00000000                __non_init_size__ = SIZEOF (.non_init)
                0x200033ec                __non_init_load_end__ = __non_init_end__
                0x00000001                . = ASSERT (((__non_init_start__ == __non_init_end__) || ((__non_init_end__ >= __RAM_segment_start__) && (__non_init_end__ <= __RAM_segment_end__))), error: .non_init is too large to fit in RAM memory segment)
                0x200033ec                __heap_load_start__ = ALIGN (__non_init_end__, 0x4)

.heap           0x200033ec        0x0
                0x200033ec                __heap_start__ = .
 *(.heap .heap.*)
                0x200033ec                . = ALIGN (MAX ((__heap_start__ + __HEAPSIZE__), .), 0x4)
                0x200033ec                __heap_end__ = (__heap_start__ + SIZEOF (.heap))
                0x00000000                __heap_size__ = SIZEOF (.heap)
                0x200033ec                __heap_load_end__ = __heap_end__
                0x00000001                . = ASSERT (((__heap_start__ == __heap_end__) || ((__heap_end__ >= __RAM_segment_start__) && (__heap_end__ <= __RAM_segment_end__))), error: .heap is too large to fit in RAM memory segment)
                0x20003e00                __stack_load_start__ = (__RAM_segment_end__ - 0x200)

.stack          0x20003e00      0x200
                0x20003e00                __stack_start__ = .
 *(.stack .stack.*)
                0x20004000                . = ALIGN (MAX ((__stack_start__ + __STACKSIZE__), .), 0x8)
 *fill*         0x20003e00      0x200 
                0x20004000                __stack_end__ = (__stack_start__ + SIZEOF (.stack))
                0x00000200                __stack_size__ = SIZEOF (.stack)
                0x20004000                __stack_load_end__ = __stack_end__
                0x00000001                . = ASSERT (((__stack_start__ == __stack_end__) || ((__stack_end__ >= __RAM_segment_start__) && (__stack_end__ <= __RAM_segment_end__))), error: .stack is too large to fit in RAM memory segment)
                0x00000001                . = ASSERT ((__heap_end__ <= __stack_start__), error: section .heap overlaps absolute placed section .stack)
                0x20004000                __stack_process_load_start__ = ALIGN (__stack_end__, 0x8)

.stack_process  0x20004000        0x0
                0x20004000                __stack_process_start__ = .
 *(.stack_process .stack_process.*)
                0x20004000                . = ALIGN (MAX ((__stack_process_start__ + __STACKSIZE_PROCESS__), .), 0x8)
                0x20004000                __stack_process_end__ = (__stack_process_start__ + SIZEOF (.stack_process))
                0x00000000                __stack_process_size__ = SIZEOF (.stack_process)
                0x20004000                __stack_process_load_end__ = __stack_process_end__
                0x20004000                __RAM_segment_used_end__ = (ALIGN (__stack_end__, 0x8) + SIZEOF (.stack_process))
                0x00004000                __RAM_segment_used_size__ = (__RAM_segment_used_end__ - __RAM_segment_start__)
                0x00000001                . = ASSERT (((__stack_process_start__ == __stack_process_end__) || ((__stack_process_end__ >= __RAM_segment_start__) && (__stack_process_end__ <= __RAM_segment_end__))), error: .stack_process is too large to fit in RAM memory segment)
START GROUP
LOAD Output/USB-CAN Release/Obj/system_stm32f0xx.o
LOAD Output/USB-CAN Release/Obj/main.o
LOAD Output/USB-CAN Release/Obj/can.o
LOAD Output/USB-CAN Release/Obj/usb_dcd_int.o
LOAD Output/USB-CAN Release/Obj/usb_core.o
LOAD Output/USB-CAN Release/Obj/usb_dcd.o
LOAD Output/USB-CAN Release/Obj/usbd_cdc_core.o
LOAD Output/USB-CAN Release/Obj/usbd_req.o
LOAD Output/USB-CAN Release/Obj/usbd_core.o
LOAD Output/USB-CAN Release/Obj/usbd_ioreq.o
LOAD Output/USB-CAN Release/Obj/usb_bsp.o
LOAD Output/USB-CAN Release/Obj/usbd_cdc_vcp.o
LOAD Output/USB-CAN Release/Obj/usbd_desc.o
LOAD Output/USB-CAN Release/Obj/usbd_pwr.o
LOAD Output/USB-CAN Release/Obj/usbd_usr.o
LOAD Output/USB-CAN Release/Obj/gpio.o
LOAD Output/USB-CAN Release/Obj/Timer.o
LOAD Output/USB-CAN Release/Obj/timer_led.o
LOAD Output/USB-CAN Release/Obj/thumb_crt0.o
LOAD Output/USB-CAN Release/Obj/STM32F0xx_Startup.o
LOAD Output/USB-CAN Release/Obj/STM32F072x_Vectors.o
LOAD C:/Program Files/Segger/SEGGER Embedded Studio 3.24/lib/libdebugio_mempoll_v6m_t_le_eabi_swc.a
LOAD C:/Program Files/Segger/SEGGER Embedded Studio 3.24/lib/libm_v6m_t_le_eabi_swc.a
LOAD C:/Program Files/Segger/SEGGER Embedded Studio 3.24/lib/libc_v6m_t_le_eabi_swc.a
LOAD C:/Program Files/Segger/SEGGER Embedded Studio 3.24/lib/libcpp_v6m_t_le_eabi_swc.a
LOAD C:/Program Files/Segger/SEGGER Embedded Studio 3.24/lib/libdebugio_v6m_t_le_eabi_swc.a
LOAD C:/Program Files/Segger/SEGGER Embedded Studio 3.24/lib/libvfprintf_v6m_t_le_eabi_swc.o
LOAD C:/Program Files/Segger/SEGGER Embedded Studio 3.24/lib/libvfscanf_v6m_t_le_eabi_swc.o
END GROUP
OUTPUT(Output/Release/Exe/USB-CAN.elf elf32-littlearm)

.comment        0x00000000       0x4c
 .comment       0x00000000       0x4c Output/USB-CAN Release/Obj/system_stm32f0xx.o
                                 0x4d (size before relaxing)
 .comment       0x0000004c       0x4d Output/USB-CAN Release/Obj/main.o
 .comment       0x0000004c       0x4d Output/USB-CAN Release/Obj/can.o
 .comment       0x0000004c       0x4d Output/USB-CAN Release/Obj/usb_dcd_int.o
 .comment       0x0000004c       0x4d Output/USB-CAN Release/Obj/usb_core.o
 .comment       0x0000004c       0x4d Output/USB-CAN Release/Obj/usb_dcd.o
 .comment       0x0000004c       0x4d Output/USB-CAN Release/Obj/usbd_cdc_core.o
 .comment       0x0000004c       0x4d Output/USB-CAN Release/Obj/usbd_req.o
 .comment       0x0000004c       0x4d Output/USB-CAN Release/Obj/usbd_core.o
 .comment       0x0000004c       0x4d Output/USB-CAN Release/Obj/usbd_ioreq.o
 .comment       0x0000004c       0x4d Output/USB-CAN Release/Obj/usb_bsp.o
 .comment       0x0000004c       0x4d Output/USB-CAN Release/Obj/usbd_cdc_vcp.o
 .comment       0x0000004c       0x4d Output/USB-CAN Release/Obj/usbd_desc.o
 .comment       0x0000004c       0x4d Output/USB-CAN Release/Obj/usbd_pwr.o
 .comment       0x0000004c       0x4d Output/USB-CAN Release/Obj/usbd_usr.o
 .comment       0x0000004c       0x4d Output/USB-CAN Release/Obj/Timer.o
 .comment       0x0000004c       0x4d Output/USB-CAN Release/Obj/timer_led.o
 .comment       0x0000004c       0x4d C:/Program Files/Segger/SEGGER Embedded Studio 3.24/lib/libc_v6m_t_le_eabi_swc.a(libc2.o)

.ARM.attributes
                0x00000000       0x2f
 .ARM.attributes
                0x00000000       0x31 Output/USB-CAN Release/Obj/system_stm32f0xx.o
 .ARM.attributes
                0x00000031       0x31 Output/USB-CAN Release/Obj/main.o
 .ARM.attributes
                0x00000062       0x31 Output/USB-CAN Release/Obj/can.o
 .ARM.attributes
                0x00000093       0x31 Output/USB-CAN Release/Obj/usb_dcd_int.o
 .ARM.attributes
                0x000000c4       0x31 Output/USB-CAN Release/Obj/usb_core.o
 .ARM.attributes
                0x000000f5       0x31 Output/USB-CAN Release/Obj/usb_dcd.o
 .ARM.attributes
                0x00000126       0x31 Output/USB-CAN Release/Obj/usbd_cdc_core.o
 .ARM.attributes
                0x00000157       0x31 Output/USB-CAN Release/Obj/usbd_req.o
 .ARM.attributes
                0x00000188       0x31 Output/USB-CAN Release/Obj/usbd_core.o
 .ARM.attributes
                0x000001b9       0x31 Output/USB-CAN Release/Obj/usbd_ioreq.o
 .ARM.attributes
                0x000001ea       0x31 Output/USB-CAN Release/Obj/usb_bsp.o
 .ARM.attributes
                0x0000021b       0x31 Output/USB-CAN Release/Obj/usbd_cdc_vcp.o
 .ARM.attributes
                0x0000024c       0x31 Output/USB-CAN Release/Obj/usbd_desc.o
 .ARM.attributes
                0x0000027d       0x31 Output/USB-CAN Release/Obj/usbd_pwr.o
 .ARM.attributes
                0x000002ae       0x31 Output/USB-CAN Release/Obj/usbd_usr.o
 .ARM.attributes
                0x000002df       0x31 Output/USB-CAN Release/Obj/Timer.o
 .ARM.attributes
                0x00000310       0x31 Output/USB-CAN Release/Obj/timer_led.o
 .ARM.attributes
                0x00000341       0x21 Output/USB-CAN Release/Obj/thumb_crt0.o
 .ARM.attributes
                0x00000362       0x21 Output/USB-CAN Release/Obj/STM32F0xx_Startup.o
 .ARM.attributes
                0x00000383       0x21 Output/USB-CAN Release/Obj/STM32F072x_Vectors.o
 .ARM.attributes
                0x000003a4       0x1b C:/Program Files/Segger/SEGGER Embedded Studio 3.24/lib/libc_v6m_t_le_eabi_swc.a(libc_asm.o)
 .ARM.attributes
                0x000003bf       0x2b C:/Program Files/Segger/SEGGER Embedded Studio 3.24/lib/libc_v6m_t_le_eabi_swc.a(libc2.o)
 .ARM.attributes
                0x000003ea       0x1b C:/Program Files/Segger/SEGGER Embedded Studio 3.24/lib/libc_v6m_t_le_eabi_swc.a(libc2_asm.o)

.debug_frame    0x00000000      0x230
 .debug_frame   0x00000000      0x190 C:/Program Files/Segger/SEGGER Embedded Studio 3.24/lib/libc_v6m_t_le_eabi_swc.a(libc_asm.o)
 .debug_frame   0x00000190       0xa0 C:/Program Files/Segger/SEGGER Embedded Studio 3.24/lib/libc_v6m_t_le_eabi_swc.a(libc2_asm.o)
